exports[`Book renders correctly 1`] = `
<div>
  
  Hello Book Detail 
  K_yxDAAAQBAJ
</div>
`;
