exports[`App renders correctly 1`] = `
<div
  className="App" />
`;
