exports[`test renders correctly 1`] = `
<div
  className="App">
  Ola mundo
</div>
`;
