exports[`BookShelf renders correctly 1`] = `null`;
