exports[`BookStore renders correctly 1`] = `
<div
  className="BookStore">
  Hello Bookstore
</div>
`;
